http_interactions:
- request:
    method: get
    uri: https://odkc.dbca.wa.gov.au/v1/projects/2
    body:
      encoding: ''
      string: ''
    headers:
      Content-Type: ''
      Accept: application/xml
      X-Extended-Metadata: 'true'
  response:
    status:
      status_code: 401
      category: Client error
      reason: Unauthorized
      message: 'Client error: (401) Unauthorized'
    headers:
      server: nginx
      date: Mon, 08 Mar 2021 05:23:51 GMT
      content-type: application/json; charset=utf-8
      content-length: '80'
      x-powered-by: Express
      etag: W/"50-ZRrLMzj8S67I1VD1Vnbql2PHY1Y"
      strict-transport-security: max-age=63072000
    body:
      encoding: UTF-8
      file: no
      string: '{"message":"Could not authenticate with the provided credentials.","code":401.2}'
  recorded_at: 2021-03-08 05:23:57 GMT
  recorded_with: vcr/0.6.0, webmockr/0.7.4
- request:
    method: get
    uri: https://odkc.dbca.wa.gov.au/v1/projects/2
    body:
      encoding: ''
      string: ''
    headers:
      Content-Type: ''
      Accept: application/xml
      X-Extended-Metadata: 'true'
  response:
    status:
      status_code: 401
      category: Client error
      reason: Unauthorized
      message: 'Client error: (401) Unauthorized'
    headers:
      server: nginx
      date: Mon, 08 Mar 2021 05:23:53 GMT
      content-type: application/json; charset=utf-8
      content-length: '80'
      x-powered-by: Express
      etag: W/"50-ZRrLMzj8S67I1VD1Vnbql2PHY1Y"
      strict-transport-security: max-age=63072000
    body:
      encoding: UTF-8
      file: no
      string: '{"message":"Could not authenticate with the provided credentials.","code":401.2}'
  recorded_at: 2021-03-08 05:23:57 GMT
  recorded_with: vcr/0.6.0, webmockr/0.7.4
- request:
    method: get
    uri: https://odkc.dbca.wa.gov.au/v1/projects/2
    body:
      encoding: ''
      string: ''
    headers:
      Content-Type: ''
      Accept: application/xml
      X-Extended-Metadata: 'true'
  response:
    status:
      status_code: 401
      category: Client error
      reason: Unauthorized
      message: 'Client error: (401) Unauthorized'
    headers:
      server: nginx
      date: Mon, 08 Mar 2021 05:23:57 GMT
      content-type: application/json; charset=utf-8
      content-length: '80'
      x-powered-by: Express
      etag: W/"50-ZRrLMzj8S67I1VD1Vnbql2PHY1Y"
      strict-transport-security: max-age=63072000
    body:
      encoding: UTF-8
      file: no
      string: '{"message":"Could not authenticate with the provided credentials.","code":401.2}'
  recorded_at: 2021-03-08 05:23:57 GMT
  recorded_with: vcr/0.6.0, webmockr/0.7.4
